// Jest Snapshot v1, https://goo.gl/fbAQLP

exports[`render correctly CryptoNewsItem component 1`] = `
<div
  className="jr-news-item"
>
  <div
    className="jr-news-thumb"
  >
    <img
      alt="..."
      className="rounded-xl"
      src="test-file-stub"
    />
  </div>
  <div
    className="jr-news-content"
  >
    <h4
      className="mt-0"
    >
      Default CryptoNews Title
    </h4>
    <p>
      Default CryptoNews subTitle
    </p>
    <div
      className="jr-news-tags-row"
    >
      <div
        className="jr-news-tags-left"
      >
        <p
          className="text-grey text-truncate"
        >
          <i
            className="zmdi zmdi-label-alt jr-fs-lg mr-2 d-inline-block align-middle"
          />
          BTC, Crypto, Trading, Tips, Cryptocurrency
        </p>
      </div>
      <div
        className="jr-news-tags-right"
      >
        <p
          className="text-primary ml-auto pointer text-truncate"
        >
          Read Full Story
          <i
            className="zmdi zmdi-long-arrow-right jr-fs-xxl ml-2 d-inline-block align-middle"
          />
        </p>
      </div>
    </div>
  </div>
</div>
`;
